
Allocating common symbols
Common symbol       size              file

Read_length         0x1               esp8266.o
uart_rec            0xa               init.o
nmi_caller          0x4               1c102_cmdline.o
exti_irq_handle     0x80              1c102_Interrupt.o
STS                 0x1               ls1c102_i2c.o
Circular_queue      0x130             queue.o
uart_rec_len        0x1               init.o
_rand_next          0x4               ls1x_printf.o
Flash_pe            0x1               ls1x_flash.o
Read_Buffer         0x12c             esp8266.o

Discarded input sections

 .text          0x0000000000000000       0x14 start.o
 .data          0x0000000000000000        0x0 start.o
 .bss           0x0000000000000000        0x0 start.o
 .data          0x0000000000000000        0x0 serial.o
 .bss           0x0000000000000000        0x0 serial.o
 .data          0x0000000000000000        0x0 wakeup.o
 .bss           0x0000000000000000        0x0 wakeup.o
 .text          0x0000000000000000        0x0 UserGpio.o
 .data          0x0000000000000000        0x0 UserGpio.o
 .bss           0x0000000000000000        0x0 UserGpio.o
 .eh_frame      0x0000000000000000       0x3c UserGpio.o
 .text          0x0000000000000000        0x0 init.o
 .data          0x0000000000000000        0x0 init.o
 .bss           0x0000000000000000        0x0 init.o
 .eh_frame      0x0000000000000000       0x3c init.o
 COMMON         0x0000000000000000        0xb init.o
 .text          0x0000000000000000        0x0 ls1x_gpio.o
 .data          0x0000000000000000        0x0 ls1x_gpio.o
 .bss           0x0000000000000000        0x0 ls1x_gpio.o
 .text.GPIO_Init
                0x0000000000000000       0x68 ls1x_gpio.o
 .text.gpio_get_pin
                0x0000000000000000       0x50 ls1x_gpio.o
 .text.gpio_set_direction
                0x0000000000000000      0x128 ls1x_gpio.o
 .text.gpio_set_InputStatus
                0x0000000000000000      0x128 ls1x_gpio.o
 .eh_frame      0x0000000000000000      0x110 ls1x_gpio.o
 .text          0x0000000000000000        0x0 ls1x_spi.o
 .data          0x0000000000000000        0x0 ls1x_spi.o
 .bss           0x0000000000000000        0x0 ls1x_spi.o
 .rodata        0x0000000000000000       0x42 ls1x_spi.o
 .text.Spi_FreqDiv
                0x0000000000000000      0x140 ls1x_spi.o
 .text.Spi_Init
                0x0000000000000000       0x70 ls1x_spi.o
 .text.Spi_Write_Read_1to4
                0x0000000000000000       0xf0 ls1x_spi.o
 .text.Spi_Write_Read_N
                0x0000000000000000      0x124 ls1x_spi.o
 .text.Spi_Cs_Down
                0x0000000000000000       0x58 ls1x_spi.o
 .text.Spi_Cs_Up
                0x0000000000000000       0x54 ls1x_spi.o
 .text.Spi_Send
                0x0000000000000000       0x40 ls1x_spi.o
 .text.Spiflash_Rdsr
                0x0000000000000000       0x4c ls1x_spi.o
 .text.Spiflash_Wait_Wip_Zero
                0x0000000000000000       0x38 ls1x_spi.o
 .text.Spiflash_Wren
                0x0000000000000000       0x4c ls1x_spi.o
 .text.Spiflash_Wrsr
                0x0000000000000000       0x5c ls1x_spi.o
 .text.Spiflash_Rdsr2
                0x0000000000000000       0x4c ls1x_spi.o
 .text.Spiflash_Rdsr3
                0x0000000000000000       0x4c ls1x_spi.o
 .text.Spiflash_Rdid
                0x0000000000000000       0x68 ls1x_spi.o
 .text.Spiflash_Sector_Erase
                0x0000000000000000       0x90 ls1x_spi.o
 .text.Spiflash_Block64k_Erase
                0x0000000000000000       0x90 ls1x_spi.o
 .text.Spiflash_Page_Program
                0x0000000000000000       0xa4 ls1x_spi.o
 .text.Spiflash_Read_Bytes
                0x0000000000000000       0x9c ls1x_spi.o
 .text.SPI_TransByte
                0x0000000000000000       0xe8 ls1x_spi.o
 .text.SpiFlashCsn0Enable
                0x0000000000000000       0x28 ls1x_spi.o
 .text.SpiFlashCsn0Disable
                0x0000000000000000       0x28 ls1x_spi.o
 .comment       0x0000000000000000       0x12 ls1x_spi.o
 .eh_frame      0x0000000000000000      0x320 ls1x_spi.o
 .text          0x0000000000000000        0x0 ls1x_printf.o
 .data          0x0000000000000000        0x0 ls1x_printf.o
 .bss           0x0000000000000000        0x0 ls1x_printf.o
 .rodata        0x0000000000000000        0x7 ls1x_printf.o
 .text.printBuf
                0x0000000000000000       0x78 ls1x_printf.o
 .text.mygetchar
                0x0000000000000000       0x38 ls1x_printf.o
 .text.vsputs   0x0000000000000000       0x54 ls1x_printf.o
 .text.vsputchar
                0x0000000000000000       0x44 ls1x_printf.o
 .text.vsprintbase
                0x0000000000000000      0x17c ls1x_printf.o
 .text.vsprintf
                0x0000000000000000      0x3d8 ls1x_printf.o
 .rodata.vsprintf
                0x0000000000000000      0x150 ls1x_printf.o
 .text.sprintf  0x0000000000000000       0x6c ls1x_printf.o
 .text.rand     0x0000000000000000       0x5c ls1x_printf.o
 .eh_frame      0x0000000000000000      0x27c ls1x_printf.o
 COMMON         0x0000000000000000        0x4 ls1x_printf.o
 .text          0x0000000000000000        0x0 ls1x_uart.o
 .data          0x0000000000000000        0x0 ls1x_uart.o
 .bss           0x0000000000000000        0x0 ls1x_uart.o
 .text.Uart_init
                0x0000000000000000       0xa4 ls1x_uart.o
 .text.UART_GetFlagStatus
                0x0000000000000000       0x64 ls1x_uart.o
 .text.UART_GetITStatus
                0x0000000000000000       0x60 ls1x_uart.o
 .text.UART_ClearITPendingBit
                0x0000000000000000       0xa4 ls1x_uart.o
 .text.x_getchar
                0x0000000000000000       0x2c ls1x_uart.o
 .text.UartInit
                0x0000000000000000       0x6c ls1x_uart.o
 .text.Uart2_init
                0x0000000000000000       0x7c ls1x_uart.o
 .text.Uart1_init_test
                0x0000000000000000       0x80 ls1x_uart.o
 .eh_frame      0x0000000000000000      0x2a4 ls1x_uart.o
 .text          0x0000000000000000        0x0 ls1x_clock.o
 .data          0x0000000000000000        0x0 ls1x_clock.o
 .bss           0x0000000000000000        0x0 ls1x_clock.o
 .text.CLOCK_checkSelect
                0x0000000000000000       0xc0 ls1x_clock.o
 .text.CLOCK_GetFlagStatus
                0x0000000000000000       0x3c ls1x_clock.o
 .text.CLOCK_GetClocksFreq
                0x0000000000000000       0x6c ls1x_clock.o
 .eh_frame      0x0000000000000000      0x18c ls1x_clock.o
 .text          0x0000000000000000        0x0 ls1x_common.o
 .data          0x0000000000000000        0x0 ls1x_common.o
 .bss           0x0000000000000000        0x0 ls1x_common.o
 .text.IsGlobalIntOpen
                0x0000000000000000       0x38 ls1x_common.o
 .text.DisableExtInt
                0x0000000000000000       0x40 ls1x_common.o
 .text.EnableExtInt
                0x0000000000000000       0x3c ls1x_common.o
 .text.Set_soft_int
                0x0000000000000000       0x24 ls1x_common.o
 .text.Set_soft_stop
                0x0000000000000000       0x24 ls1x_common.o
 .text.Set_Timer_Init
                0x0000000000000000       0x30 ls1x_common.o
 .text.Wake_256sec_Set
                0x0000000000000000       0xa8 ls1x_common.o
 .eh_frame      0x0000000000000000      0x19c ls1x_common.o
 .text          0x0000000000000000        0x0 ls1x_pmu.o
 .data          0x0000000000000000        0x0 ls1x_pmu.o
 .bss           0x0000000000000000        0x0 ls1x_pmu.o
 .eh_frame      0x0000000000000000       0x58 ls1x_pmu.o
 .text          0x0000000000000000        0x0 ls1x_logo.o
 .data          0x0000000000000000        0x0 ls1x_logo.o
 .bss           0x0000000000000000        0x0 ls1x_logo.o
 .eh_frame      0x0000000000000000       0x3c ls1x_logo.o
 .text          0x0000000000000000        0x0 ls1x_latimer.o
 .data          0x0000000000000000        0x0 ls1x_latimer.o
 .bss           0x0000000000000000        0x0 ls1x_latimer.o
 .text.close_count
                0x0000000000000000       0x24 ls1x_latimer.o
 .text.delay_us
                0x0000000000000000       0x38 ls1x_latimer.o
 .text.delay_s  0x0000000000000000       0x3c ls1x_latimer.o
 .text.SetTime  0x0000000000000000       0x54 ls1x_latimer.o
 .text.CompareTime
                0x0000000000000000       0x50 ls1x_latimer.o
 .eh_frame      0x0000000000000000      0x19c ls1x_latimer.o
 .text          0x0000000000000000        0x0 ls1x_string.o
 .data          0x0000000000000000        0x0 ls1x_string.o
 .bss           0x0000000000000000        0x0 ls1x_string.o
 .text.memcmp   0x0000000000000000       0x88 ls1x_string.o
 .text.memcpy   0x0000000000000000       0x70 ls1x_string.o
 .text.strstr   0x0000000000000000       0xe0 ls1x_string.o
 .text.strchr   0x0000000000000000       0x80 ls1x_string.o
 .text.atoi     0x0000000000000000       0xe4 ls1x_string.o
 .text.itoa     0x0000000000000000      0x17c ls1x_string.o
 .text.strcat   0x0000000000000000       0xa0 ls1x_string.o
 .text.strcmp   0x0000000000000000       0x84 ls1x_string.o
 .text.strncmp  0x0000000000000000       0xa0 ls1x_string.o
 .text.strcpy   0x0000000000000000       0x5c ls1x_string.o
 .text.strlen   0x0000000000000000       0x4c ls1x_string.o
 .text.isContained
                0x0000000000000000       0x78 ls1x_string.o
 .text.strtok_r
                0x0000000000000000      0x1d4 ls1x_string.o
 .text.str_to_hex
                0x0000000000000000       0xf4 ls1x_string.o
 .text.atohex   0x0000000000000000      0x164 ls1x_string.o
 .eh_frame      0x0000000000000000      0x27c ls1x_string.o
 .text          0x0000000000000000        0x0 ls1x_flash.o
 .data          0x0000000000000000        0x0 ls1x_flash.o
 .bss           0x0000000000000000        0x0 ls1x_flash.o
 .text.FLASH_ErasePage
                0x0000000000000000       0x50 ls1x_flash.o
 .text.FLASH_EraseUserFlash
                0x0000000000000000       0x9c ls1x_flash.o
 .text.FLASH_ReadPage
                0x0000000000000000       0xa4 ls1x_flash.o
 .text.FLASH_WitePage
                0x0000000000000000      0x48c ls1x_flash.o
 .text.ls1c_flash_write2
                0x0000000000000000      0x17c ls1x_flash.o
 .text.ls1c_flash_write_data
                0x0000000000000000      0x144 ls1x_flash.o
 .text.FLASH_WaitForPeEnd
                0x0000000000000000       0x80 ls1x_flash.o
 .text.FLASH_GetStatus
                0x0000000000000000       0x34 ls1x_flash.o
 .text.FLASH_GetFlagStatus
                0x0000000000000000       0x4c ls1x_flash.o
 .text.FLASH_ITConfig
                0x0000000000000000       0x64 ls1x_flash.o
 .text.FLASH_ITCmd
                0x0000000000000000       0x68 ls1x_flash.o
 .text.FLASH_ClearIT
                0x0000000000000000       0x50 ls1x_flash.o
 .text.FLASH_WiteTest
                0x0000000000000000       0xa4 ls1x_flash.o
 .rodata        0x0000000000000000        0xa ls1x_flash.o
 .text.FLASH_ReadTest
                0x0000000000000000       0xc0 ls1x_flash.o
 .comment       0x0000000000000000       0x12 ls1x_flash.o
 .eh_frame      0x0000000000000000      0x21c ls1x_flash.o
 COMMON         0x0000000000000000        0x1 ls1x_flash.o
 .text          0x0000000000000000        0x0 ls1x_rtc.o
 .data          0x0000000000000000        0x0 ls1x_rtc.o
 .bss           0x0000000000000000        0x0 ls1x_rtc.o
 .text.Rtc_Read
                0x0000000000000000       0xec ls1x_rtc.o
 .text.Rtc_Write
                0x0000000000000000      0x16c ls1x_rtc.o
 .text.RtcUpdateData
                0x0000000000000000       0x4c ls1x_rtc.o
 .comment       0x0000000000000000       0x12 ls1x_rtc.o
 .eh_frame      0x0000000000000000       0x80 ls1x_rtc.o
 .text          0x0000000000000000        0x0 ls1x_exti.o
 .data          0x0000000000000000        0x0 ls1x_exti.o
 .bss           0x0000000000000000        0x0 ls1x_exti.o
 .text.EXTI_DeInit
                0x0000000000000000       0x40 ls1x_exti.o
 .text.EXTI_Init
                0x0000000000000000      0x188 ls1x_exti.o
 .text.EXTI_StructInit
                0x0000000000000000       0x44 ls1x_exti.o
 .text.EXTI_GetFlagStatus
                0x0000000000000000       0x50 ls1x_exti.o
 .text.EXTI_ClearFlag
                0x0000000000000000       0x3c ls1x_exti.o
 .text.EXTI_GetITStatus
                0x0000000000000000       0x70 ls1x_exti.o
 .eh_frame      0x0000000000000000       0xfc ls1x_exti.o
 .text          0x0000000000000000        0x0 ls1x_wdg.o
 .data          0x0000000000000000        0x0 ls1x_wdg.o
 .bss           0x0000000000000000        0x0 ls1x_wdg.o
 .eh_frame      0x0000000000000000       0xa4 ls1x_wdg.o
 .text          0x0000000000000000        0x0 ls1c102_i2c.o
 .data          0x0000000000000000        0x0 ls1c102_i2c.o
 .bss           0x0000000000000000        0x0 ls1c102_i2c.o
 .text.I2C_delay_my
                0x0000000000000000       0x3c ls1c102_i2c.o
 .text.I2C_Init
                0x0000000000000000      0x104 ls1c102_i2c.o
 .text.I2C_StructInit
                0x0000000000000000       0x5c ls1c102_i2c.o
 .text.I2C_ITConfig
                0x0000000000000000       0x6c ls1c102_i2c.o
 .text.I2C_ITCmd
                0x0000000000000000       0x90 ls1c102_i2c.o
 .text.I2C_GenerateSTART
                0x0000000000000000       0x7c ls1c102_i2c.o
 .text.I2C_GenerateSTOP
                0x0000000000000000       0x7c ls1c102_i2c.o
 .text.I2C_AcknowledgeConfig
                0x0000000000000000       0x6c ls1c102_i2c.o
 .text.I2C_SendData
                0x0000000000000000       0x50 ls1c102_i2c.o
 .text.I2C_ReceiveData
                0x0000000000000000       0x60 ls1c102_i2c.o
 .rodata        0x0000000000000000       0xaf ls1c102_i2c.o
 .text.I2C_Send7bitAddress
                0x0000000000000000       0xac ls1c102_i2c.o
 .text.I2C_ReadRegister
                0x0000000000000000       0x50 ls1c102_i2c.o
 .text.I2C_ClearFlag
                0x0000000000000000       0x48 ls1c102_i2c.o
 .text.I2C_GetStatus
                0x0000000000000000       0x5c ls1c102_i2c.o
 .text.I2C_ClearIT
                0x0000000000000000       0x50 ls1c102_i2c.o
 .text.I2C_wait
                0x0000000000000000       0x48 ls1c102_i2c.o
 .text.I2C_BUSY
                0x0000000000000000       0x48 ls1c102_i2c.o
 .text.I2C_Unlock
                0x0000000000000000       0x54 ls1c102_i2c.o
 .text.CAT24_Write
                0x0000000000000000      0x15c ls1c102_i2c.o
 .text.CAT24_Read
                0x0000000000000000      0x160 ls1c102_i2c.o
 .text.CAT24_Write_Int
                0x0000000000000000      0x140 ls1c102_i2c.o
 .text.CAT24_Read_Int
                0x0000000000000000      0x16c ls1c102_i2c.o
 .comment       0x0000000000000000       0x12 ls1c102_i2c.o
 .eh_frame      0x0000000000000000      0x338 ls1c102_i2c.o
 COMMON         0x0000000000000000        0x1 ls1c102_i2c.o
 .text          0x0000000000000000        0x0 ls1c102_vpwm.o
 .data          0x0000000000000000        0x0 ls1c102_vpwm.o
 .bss           0x0000000000000000        0x0 ls1c102_vpwm.o
 .comment       0x0000000000000000       0x12 ls1c102_vpwm.o
 .text          0x0000000000000000        0x0 ls1c102_adc.o
 .data          0x0000000000000000        0x0 ls1c102_adc.o
 .bss           0x0000000000000000        0x0 ls1c102_adc.o
 .text.Adc_powerOn
                0x0000000000000000       0x54 ls1c102_adc.o
 .text.Adc_powerOff
                0x0000000000000000       0x50 ls1c102_adc.o
 .text.Adc_open
                0x0000000000000000       0xb0 ls1c102_adc.o
 .text.Adc_close
                0x0000000000000000       0xe4 ls1c102_adc.o
 .text.Adc_openGroup
                0x0000000000000000       0xa0 ls1c102_adc.o
 .text.Adc_closeGroup
                0x0000000000000000       0xd4 ls1c102_adc.o
 .text.Adc_singleMeasure
                0x0000000000000000       0x90 ls1c102_adc.o
 .text.Adc_Measure
                0x0000000000000000       0xdc ls1c102_adc.o
 .text.Adc_getVoltage
                0x0000000000000000       0x68 ls1c102_adc.o
 .comment       0x0000000000000000       0x12 ls1c102_adc.o
 .eh_frame      0x0000000000000000      0x170 ls1c102_adc.o
 .text          0x0000000000000000        0x0 ls1c102_touch.o
 .data          0x0000000000000000        0x0 ls1c102_touch.o
 .bss           0x0000000000000000        0x0 ls1c102_touch.o
 .text.Touch_CountBaseInit
                0x0000000000000000       0x90 ls1c102_touch.o
 .text.Touch_PerformInit
                0x0000000000000000       0x88 ls1c102_touch.o
 .text.Touch_ControlConfig
                0x0000000000000000       0xc8 ls1c102_touch.o
 .text.TOUCH_Cmd
                0x0000000000000000       0x68 ls1c102_touch.o
 .text.TOUCH_EnablePollScan
                0x0000000000000000       0x30 ls1c102_touch.o
 .text.TOUCH_disablePollScan
                0x0000000000000000       0x34 ls1c102_touch.o
 .text.TOUCH_EnableSingleScan
                0x0000000000000000       0x30 ls1c102_touch.o
 .text.TOUCH_GetDownTh
                0x0000000000000000       0x48 ls1c102_touch.o
 .text.TOUCH_SetDownTh
                0x0000000000000000       0x7c ls1c102_touch.o
 .text.TOUCH_SetBaseVal
                0x0000000000000000       0x7c ls1c102_touch.o
 .text.TOUCH_SetChnAttr
                0x0000000000000000       0x7c ls1c102_touch.o
 .text.TOUCH_SetAllChnAttr
                0x0000000000000000       0x64 ls1c102_touch.o
 .text.TOUCH_SetAllChnAttr2
                0x0000000000000000       0x90 ls1c102_touch.o
 .text.TOUCH_Init
                0x0000000000000000       0xfc ls1c102_touch.o
 .eh_frame      0x0000000000000000      0x2bc ls1c102_touch.o
 .text          0x0000000000000000        0x0 ls1c102_ptimer.o
 .data          0x0000000000000000        0x0 ls1c102_ptimer.o
 .bss           0x0000000000000000        0x0 ls1c102_ptimer.o
 .text.TIM_Init
                0x0000000000000000       0xd8 ls1c102_ptimer.o
 .text.TIM_StructInit
                0x0000000000000000       0x7c ls1c102_ptimer.o
 .text.TIM_Cmd  0x0000000000000000       0x54 ls1c102_ptimer.o
 .text.TIM_ITConfig
                0x0000000000000000       0x90 ls1c102_ptimer.o
 .text.TIM_GetCounter
                0x0000000000000000       0x34 ls1c102_ptimer.o
 .text.TIM_SetCounter
                0x0000000000000000       0x30 ls1c102_ptimer.o
 .text.TIM_SetCompare
                0x0000000000000000       0x30 ls1c102_ptimer.o
 .text.TIM_GetCompare
                0x0000000000000000       0x34 ls1c102_ptimer.o
 .eh_frame      0x0000000000000000      0x168 ls1c102_ptimer.o
 .text          0x0000000000000000        0x0 1c102_cmdline.o
 .data          0x0000000000000000        0x0 1c102_cmdline.o
 .bss           0x0000000000000000        0x0 1c102_cmdline.o
 .rodata        0x0000000000000000      0x3a8 1c102_cmdline.o
 .data.cmd      0x0000000000000000      0x1f0 1c102_cmdline.o
 .text.do_exit  0x0000000000000000       0x28 1c102_cmdline.o
 .text.do_help  0x0000000000000000      0x208 1c102_cmdline.o
 .text.cmdline  0x0000000000000000      0xdbc 1c102_cmdline.o
 .comment       0x0000000000000000       0x12 1c102_cmdline.o
 .eh_frame      0x0000000000000000       0x84 1c102_cmdline.o
 COMMON         0x0000000000000000        0x4 1c102_cmdline.o
 .text          0x0000000000000000        0x0 1c102_cmd.o
 .data          0x0000000000000000        0x0 1c102_cmd.o
 .bss           0x0000000000000000        0x0 1c102_cmd.o
 .text.do_nothing
                0x0000000000000000       0x20 1c102_cmd.o
 .rodata        0x0000000000000000      0x875 1c102_cmd.o
 .text.do_d1    0x0000000000000000      0x114 1c102_cmd.o
 .text.do_d4    0x0000000000000000      0x120 1c102_cmd.o
 .text.do_m1    0x0000000000000000       0x90 1c102_cmd.o
 .text.do_m4    0x0000000000000000       0x8c 1c102_cmd.o
 .text.str2num  0x0000000000000000      0x214 1c102_cmd.o
 .text.v_play   0x0000000000000000       0x68 1c102_cmd.o
 .text.touch_reg_show
                0x0000000000000000      0x100 1c102_cmd.o
 .text.touch_value_show
                0x0000000000000000       0xd4 1c102_cmd.o
 .text.touch_test
                0x0000000000000000      0x274 1c102_cmd.o
 .text.hpet     0x0000000000000000      0x100 1c102_cmd.o
 .text.latimer  0x0000000000000000       0x94 1c102_cmd.o
 .text.delay    0x0000000000000000      0x104 1c102_cmd.o
 .text.wakeup   0x0000000000000000       0x90 1c102_cmd.o
 .text.a_to_n   0x0000000000000000       0x60 1c102_cmd.o
 .text.date     0x0000000000000000      0x48c 1c102_cmd.o
 .text.watch_dog
                0x0000000000000000       0x84 1c102_cmd.o
 .text.i2cp     0x0000000000000000       0x4c 1c102_cmd.o
 .text.i2cw     0x0000000000000000      0x10c 1c102_cmd.o
 .text.i2cr     0x0000000000000000       0xe0 1c102_cmd.o
 .text.adc      0x0000000000000000      0x1a4 1c102_cmd.o
 .text.batdet   0x0000000000000000      0x170 1c102_cmd.o
 .text.copy     0x0000000000000000      0x190 1c102_cmd.o
 .text.uart_init
                0x0000000000000000       0xac 1c102_cmd.o
 .text.sleep    0x0000000000000000       0xa4 1c102_cmd.o
 .text.spi_init
                0x0000000000000000       0x68 1c102_cmd.o
 .text.spi_write
                0x0000000000000000      0x134 1c102_cmd.o
 .text.spi_read
                0x0000000000000000      0x174 1c102_cmd.o
 .text.spi_erase
                0x0000000000000000       0x90 1c102_cmd.o
 .text.spi_flash
                0x0000000000000000      0x258 1c102_cmd.o
 .text.gpio_int_test
                0x0000000000000000       0x9c 1c102_cmd.o
 .text.gpio_int
                0x0000000000000000       0x34 1c102_cmd.o
 .text.tmp      0x0000000000000000       0x50 1c102_cmd.o
 .text.m4_flash
                0x0000000000000000       0xb4 1c102_cmd.o
 .text.copy_iram
                0x0000000000000000      0x138 1c102_cmd.o
 .comment       0x0000000000000000       0x12 1c102_cmd.o
 .eh_frame      0x0000000000000000      0x57c 1c102_cmd.o
 .text          0x0000000000000000        0x0 1c102_Interrupt.o
 .data          0x0000000000000000        0x0 1c102_Interrupt.o
 .bss           0x0000000000000000        0x0 1c102_Interrupt.o
 .text.SOFT_INT
                0x0000000000000000       0x34 1c102_Interrupt.o
 .text.TIMER_8M_INT
                0x0000000000000000       0x44 1c102_Interrupt.o
 .text.INTC     0x0000000000000000       0x1c 1c102_Interrupt.o
 .text.RING     0x0000000000000000       0x1c 1c102_Interrupt.o
 .eh_frame      0x0000000000000000      0x624 1c102_Interrupt.o
 COMMON         0x0000000000000000       0x80 1c102_Interrupt.o
 .text          0x0000000000000000        0x0 1c102_main.o
 .data          0x0000000000000000        0x0 1c102_main.o
 .bss           0x0000000000000000        0x0 1c102_main.o
 .eh_frame      0x0000000000000000       0x34 1c102_main.o
 .text          0x0000000000000000        0x0 queue.o
 .data          0x0000000000000000        0x0 queue.o
 .bss           0x0000000000000000        0x0 queue.o
 .text.Queue_Init
                0x0000000000000000       0x4c queue.o
 .text.Queue_isFull
                0x0000000000000000       0x64 queue.o
 .eh_frame      0x0000000000000000      0x114 queue.o
 .text          0x0000000000000000        0x0 esp8266.o
 .data          0x0000000000000000        0x0 esp8266.o
 .bss           0x0000000000000000        0x0 esp8266.o
 .text.esp8266_send_data
                0x0000000000000000       0x3c esp8266.o
 .eh_frame      0x0000000000000000       0xb0 esp8266.o

Memory Configuration

Name             Origin             Length             Attributes
flash            0x000000001c000000 0x0000000000020000 xr
IRAM             0x0000000080000000 0x0000000000001000 rw
DRAM             0x0000000080001000 0x0000000000001000 rw
*default*        0x0000000000000000 0xffffffffffffffff

Linker script and memory map


.text           0x000000001c000000     0x5048
                0x000000001c000000                . = ALIGN (0x4)
 *(.text .text.*)
 .text._start   0x000000001c000000     0x1128 start.o
                0x000000001c000000                _start
                0x000000001c0000ac                cpu_wait
                0x000000001c000800                m4_flash_4k
 .text          0x000000001c001128       0xbc serial.o
                0x000000001c001128                serial_out
                0x000000001c001144                outputaddr
                0x000000001c0011a4                outputstring
 .text          0x000000001c0011e4      0x148 wakeup.o
                0x000000001c0011e4                cpu_sleep
                0x000000001c00128c                wakeup_reset
 .text.GPIOInit
                0x000000001c00132c       0x98 UserGpio.o
                0x000000001c00132c                GPIOInit
 .text.bsp_init
                0x000000001c0013c4      0x108 init.o
                0x000000001c0013c4                bsp_init
 .text.AFIO_RemapConfig
                0x000000001c0014cc       0xcc ls1x_gpio.o
                0x000000001c0014cc                AFIO_RemapConfig
 .text.gpio_write_pin
                0x000000001c001598       0x78 ls1x_gpio.o
                0x000000001c001598                gpio_write_pin
 .text.gpio_pin_remap
                0x000000001c001610      0x20c ls1x_gpio.o
                0x000000001c001610                gpio_pin_remap
 .text.myputchar
                0x000000001c00181c       0x3c ls1x_printf.o
                0x000000001c00181c                myputchar
 .text.myputchar2
                0x000000001c001858       0x84 ls1x_printf.o
                0x000000001c001858                myputchar2
 .text.printbase
                0x000000001c0018dc      0x160 ls1x_printf.o
                0x000000001c0018dc                printbase
 .text.printbase2
                0x000000001c001a3c      0x178 ls1x_printf.o
                0x000000001c001a3c                printbase2
 .text.puts     0x000000001c001bb4       0x70 ls1x_printf.o
                0x000000001c001bb4                puts
 .text.puts2    0x000000001c001c24       0x88 ls1x_printf.o
                0x000000001c001c24                puts2
 .text.myprintf
                0x000000001c001cac      0x3a4 ls1x_printf.o
                0x000000001c001cac                myprintf
 .text.myprintf2
                0x000000001c002050      0x414 ls1x_printf.o
                0x000000001c002050                myprintf2
 .text.UART_Init
                0x000000001c002464      0x2fc ls1x_uart.o
                0x000000001c002464                UART_Init
 .text.UART_StructInit
                0x000000001c002760       0x7c ls1x_uart.o
                0x000000001c002760                UART_StructInit
 .text.UART_ITConfig
                0x000000001c0027dc       0x88 ls1x_uart.o
                0x000000001c0027dc                UART_ITConfig
 .text.UART_SendData
                0x000000001c002864       0x4c ls1x_uart.o
                0x000000001c002864                UART_SendData
 .text.UART_ReceiveData
                0x000000001c0028b0       0x4c ls1x_uart.o
                0x000000001c0028b0                UART_ReceiveData
 .text.Uart0_init
                0x000000001c0028fc       0xc4 ls1x_uart.o
                0x000000001c0028fc                Uart0_init
 .text.Uart1_init
                0x000000001c0029c0       0x84 ls1x_uart.o
                0x000000001c0029c0                Uart1_init
 .text.Uart0_send
                0x000000001c002a44       0x3c ls1x_uart.o
                0x000000001c002a44                Uart0_send
 .text.Uart1_send
                0x000000001c002a80       0x3c ls1x_uart.o
                0x000000001c002a80                Uart1_send
 .text.Uart2_send
                0x000000001c002abc       0x3c ls1x_uart.o
                0x000000001c002abc                Uart2_send
 .text.CLOCK_WaitForHSEStartUp
                0x000000001c002af8       0x9c ls1x_clock.o
                0x000000001c002af8                CLOCK_WaitForHSEStartUp
 .text.CLOCK_WaitForLSEStartUp
                0x000000001c002b94       0xe4 ls1x_clock.o
                0x000000001c002b94                CLOCK_WaitForLSEStartUp
 .text.CLOCK_HSEConfig
                0x000000001c002c78       0xb4 ls1x_clock.o
                0x000000001c002c78                CLOCK_HSEConfig
 .text.CLOCK_LSEConfig
                0x000000001c002d2c       0x68 ls1x_clock.o
                0x000000001c002d2c                CLOCK_LSEConfig
 .text.CLOCK_StructInit
                0x000000001c002d94       0x64 ls1x_clock.o
                0x000000001c002d94                CLOCK_StructInit
 .text.CLOCK_Init
                0x000000001c002df8      0x23c ls1x_clock.o
                0x000000001c002df8                CLOCK_Init
 .text.SystemClockInit
                0x000000001c003034       0x9c ls1x_clock.o
                0x000000001c003034                SystemClockInit
 .text.DisableInt
                0x000000001c0030d0       0x24 ls1x_common.o
                0x000000001c0030d0                DisableInt
 .text.EnableInt
                0x000000001c0030f4       0x24 ls1x_common.o
                0x000000001c0030f4                EnableInt
 .text.Set_Timer_stop
                0x000000001c003118       0x20 ls1x_common.o
                0x000000001c003118                Set_Timer_stop
 .text.Set_Timer_clear
                0x000000001c003138       0x24 ls1x_common.o
                0x000000001c003138                Set_Timer_clear
 .text.Wake_Set
                0x000000001c00315c       0xac ls1x_common.o
                0x000000001c00315c                Wake_Set
 .text.PMU_GetRstRrc
                0x000000001c003208       0x6c ls1x_pmu.o
                0x000000001c003208                PMU_GetRstRrc
 .text.PMU_GetBootSpiStatus
                0x000000001c003274       0x50 ls1x_pmu.o
                0x000000001c003274                PMU_GetBootSpiStatus
 .text.ls1x_logo
                0x000000001c0032c4       0x9c ls1x_logo.o
                0x000000001c0032c4                ls1x_logo
 .text.get_count
                0x000000001c003360       0x2c ls1x_latimer.o
                0x000000001c003360                get_count
 .text.open_count
                0x000000001c00338c       0x24 ls1x_latimer.o
                0x000000001c00338c                open_count
 .text.start_count
                0x000000001c0033b0       0x48 ls1x_latimer.o
                0x000000001c0033b0                start_count
 .text.stop_count
                0x000000001c0033f8       0x88 ls1x_latimer.o
                0x000000001c0033f8                stop_count
 .text.delay_cycle
                0x000000001c003480       0x60 ls1x_latimer.o
                0x000000001c003480                delay_cycle
 .text.delay_ms
                0x000000001c0034e0       0x40 ls1x_latimer.o
                0x000000001c0034e0                delay_ms
 .text.memset   0x000000001c003520       0x60 ls1x_string.o
                0x000000001c003520                memset
 .text.pstrstr  0x000000001c003580       0xc8 ls1x_string.o
                0x000000001c003580                pstrstr
 .text.EXTI_ClearITPendingBit
                0x000000001c003648       0x3c ls1x_exti.o
                0x000000001c003648                EXTI_ClearITPendingBit
 .text.WDG_getOddValue
                0x000000001c003684       0x88 ls1x_wdg.o
 .text.WDG_SetWatchDog
                0x000000001c00370c       0x8c ls1x_wdg.o
                0x000000001c00370c                WDG_SetWatchDog
 .text.WDG_DogFeed
                0x000000001c003798       0x2c ls1x_wdg.o
                0x000000001c003798                WDG_DogFeed
 .text.WdgInit  0x000000001c0037c4       0x30 ls1x_wdg.o
                0x000000001c0037c4                WdgInit
 .text.TOUCH_GetBaseVal
                0x000000001c0037f4       0x4c ls1c102_touch.o
                0x000000001c0037f4                TOUCH_GetBaseVal
 .text.TOUCH_GetCountValue
                0x000000001c003840       0x4c ls1c102_touch.o
                0x000000001c003840                TOUCH_GetCountValue
 .text.Printf_KeyChannel
                0x000000001c00388c       0x7c ls1c102_touch.o
                0x000000001c00388c                Printf_KeyChannel
 .text.Printf_KeyType
                0x000000001c003908       0x8c ls1c102_touch.o
                0x000000001c003908                Printf_KeyType
 .text.Printf_KeyVal
                0x000000001c003994      0x254 ls1c102_touch.o
                0x000000001c003994                Printf_KeyVal
 .text.TIM_GetITStatus
                0x000000001c003be8       0x4c ls1c102_ptimer.o
                0x000000001c003be8                TIM_GetITStatus
 .text.TIM_ClearIT
                0x000000001c003c34       0x5c ls1c102_ptimer.o
                0x000000001c003c34                TIM_ClearIT
 .text.exti_gpioa0_irq_handler
                0x000000001c003c90       0x4c 1c102_Interrupt.o
                0x000000001c003c90                exti_gpioa0_irq_handler
 .text.exti_gpioa1_irq_handler
                0x000000001c003cdc       0x4c 1c102_Interrupt.o
                0x000000001c003cdc                exti_gpioa1_irq_handler
 .text.exti_gpioa2_irq_handler
                0x000000001c003d28       0x4c 1c102_Interrupt.o
                0x000000001c003d28                exti_gpioa2_irq_handler
 .text.exti_gpioa3_irq_handler
                0x000000001c003d74       0x4c 1c102_Interrupt.o
                0x000000001c003d74                exti_gpioa3_irq_handler
 .text.exti_gpioa4_irq_handler
                0x000000001c003dc0       0x4c 1c102_Interrupt.o
                0x000000001c003dc0                exti_gpioa4_irq_handler
 .text.exti_gpioa5_irq_handler
                0x000000001c003e0c       0x4c 1c102_Interrupt.o
                0x000000001c003e0c                exti_gpioa5_irq_handler
 .text.exti_gpioa6_irq_handler
                0x000000001c003e58       0x4c 1c102_Interrupt.o
                0x000000001c003e58                exti_gpioa6_irq_handler
 .text.exti_gpioa7_irq_handler
                0x000000001c003ea4       0x4c 1c102_Interrupt.o
                0x000000001c003ea4                exti_gpioa7_irq_handler
 .text.exti_gpiob0_irq_handler
                0x000000001c003ef0       0x4c 1c102_Interrupt.o
                0x000000001c003ef0                exti_gpiob0_irq_handler
 .text.exti_gpiob1_irq_handler
                0x000000001c003f3c       0x4c 1c102_Interrupt.o
                0x000000001c003f3c                exti_gpiob1_irq_handler
 .text.exti_gpiob2_irq_handler
                0x000000001c003f88       0x4c 1c102_Interrupt.o
                0x000000001c003f88                exti_gpiob2_irq_handler
 .text.exti_gpiob3_irq_handler
                0x000000001c003fd4       0x4c 1c102_Interrupt.o
                0x000000001c003fd4                exti_gpiob3_irq_handler
 .text.exti_gpiob4_irq_handler
                0x000000001c004020       0x4c 1c102_Interrupt.o
                0x000000001c004020                exti_gpiob4_irq_handler
 .text.exti_gpiob5_irq_handler
                0x000000001c00406c       0x4c 1c102_Interrupt.o
                0x000000001c00406c                exti_gpiob5_irq_handler
 .text.exti_gpiob6_irq_handler
                0x000000001c0040b8       0x4c 1c102_Interrupt.o
                0x000000001c0040b8                exti_gpiob6_irq_handler
 .text.exti_gpiob7_irq_handler
                0x000000001c004104       0x4c 1c102_Interrupt.o
                0x000000001c004104                exti_gpiob7_irq_handler
 .text.exti_gpioc0_irq_handler
                0x000000001c004150       0x4c 1c102_Interrupt.o
                0x000000001c004150                exti_gpioc0_irq_handler
 .text.exti_gpioc1_irq_handler
                0x000000001c00419c       0x4c 1c102_Interrupt.o
                0x000000001c00419c                exti_gpioc1_irq_handler
 .text.exti_gpioc2_irq_handler
                0x000000001c0041e8       0x4c 1c102_Interrupt.o
                0x000000001c0041e8                exti_gpioc2_irq_handler
 .text.exti_gpioc3_irq_handler
                0x000000001c004234       0x4c 1c102_Interrupt.o
                0x000000001c004234                exti_gpioc3_irq_handler
 .text.exti_gpioc4_irq_handler
                0x000000001c004280       0x4c 1c102_Interrupt.o
                0x000000001c004280                exti_gpioc4_irq_handler
 .text.exti_gpioc5_irq_handler
                0x000000001c0042cc       0x4c 1c102_Interrupt.o
                0x000000001c0042cc                exti_gpioc5_irq_handler
 .text.exti_gpioc6_irq_handler
                0x000000001c004318       0x4c 1c102_Interrupt.o
                0x000000001c004318                exti_gpioc6_irq_handler
 .text.exti_gpioc7_irq_handler
                0x000000001c004364       0x4c 1c102_Interrupt.o
                0x000000001c004364                exti_gpioc7_irq_handler
 .text.exti_gpiod0_irq_handler
                0x000000001c0043b0       0x4c 1c102_Interrupt.o
                0x000000001c0043b0                exti_gpiod0_irq_handler
 .text.exti_gpiod1_irq_handler
                0x000000001c0043fc       0x4c 1c102_Interrupt.o
                0x000000001c0043fc                exti_gpiod1_irq_handler
 .text.exti_gpiod2_irq_handler
                0x000000001c004448       0x4c 1c102_Interrupt.o
                0x000000001c004448                exti_gpiod2_irq_handler
 .text.exti_gpiod3_irq_handler
                0x000000001c004494       0x4c 1c102_Interrupt.o
                0x000000001c004494                exti_gpiod3_irq_handler
 .text.exti_gpiod4_irq_handler
                0x000000001c0044e0       0x4c 1c102_Interrupt.o
                0x000000001c0044e0                exti_gpiod4_irq_handler
 .text.exti_gpiod5_irq_handler
                0x000000001c00452c       0x4c 1c102_Interrupt.o
                0x000000001c00452c                exti_gpiod5_irq_handler
 .text.exti_gpiod6_irq_handler
                0x000000001c004578       0x4c 1c102_Interrupt.o
                0x000000001c004578                exti_gpiod6_irq_handler
 .text.exti_gpiod7_irq_handler
                0x000000001c0045c4       0x4c 1c102_Interrupt.o
                0x000000001c0045c4                exti_gpiod7_irq_handler
 .text.ext_handler
                0x000000001c004610       0xb8 1c102_Interrupt.o
                0x000000001c004610                ext_handler
 .text.TIMER_WAKE_INT
                0x000000001c0046c8       0x50 1c102_Interrupt.o
                0x000000001c0046c8                TIMER_WAKE_INT
 .text.TOUCH    0x000000001c004718       0x94 1c102_Interrupt.o
                0x000000001c004718                TOUCH
 .text.UART2_INT
                0x000000001c0047ac       0x3c 1c102_Interrupt.o
                0x000000001c0047ac                UART2_INT
 .text.BAT_FAIL
                0x000000001c0047e8       0xd8 1c102_Interrupt.o
                0x000000001c0047e8                BAT_FAIL
 .text.intc_handler
                0x000000001c0048c0      0x108 1c102_Interrupt.o
                0x000000001c0048c0                intc_handler
 .text.TIMER_HANDLER
                0x000000001c0049c8       0x38 1c102_Interrupt.o
                0x000000001c0049c8                TIMER_HANDLER
 .text.main     0x000000001c004a00       0x48 1c102_main.o
                0x000000001c004a00                main
 .text.Queue_isEmpty
                0x000000001c004a48       0x50 queue.o
                0x000000001c004a48                Queue_isEmpty
 .text.Queue_HadUse
                0x000000001c004a98       0x64 queue.o
                0x000000001c004a98                Queue_HadUse
 .text.Queue_NoUse
                0x000000001c004afc       0x6c queue.o
                0x000000001c004afc                Queue_NoUse
 .text.Queue_Wirte
                0x000000001c004b68       0xdc queue.o
                0x000000001c004b68                Queue_Wirte
 .text.Queue_Read
                0x000000001c004c44       0xdc queue.o
                0x000000001c004c44                Queue_Read
 .text.esp8266_check_cmd
                0x000000001c004d20       0xe8 esp8266.o
                0x000000001c004d20                esp8266_check_cmd
 .text.esp8266_send_cmd
                0x000000001c004e08       0xdc esp8266.o
                0x000000001c004e08                esp8266_send_cmd
 .text.esp8266_init
                0x000000001c004ee4      0x164 esp8266.o
                0x000000001c004ee4                esp8266_init
                0x000000001c005048                . = ALIGN (0x4)
                0x000000001c005048                _etext = .

.rodata         0x000000001c005060      0xcd4
                0x000000001c005060                . = ALIGN (0x4)
 *(.rodata .rodata.*)
 .rodata        0x000000001c005060       0x1a serial.o
                0x000000001c005060                msg_wakeup
 *fill*         0x000000001c00507a        0x2 
 .rodata        0x000000001c00507c       0x38 init.o
 .rodata.myprintf
                0x000000001c0050b4      0x150 ls1x_printf.o
 .rodata.myprintf2
                0x000000001c005204      0x150 ls1x_printf.o
 .rodata        0x000000001c005354      0x387 ls1x_logo.o
 *fill*         0x000000001c0056db        0x1 
 .rodata        0x000000001c0056dc       0x8d ls1c102_touch.o
 *fill*         0x000000001c005769        0x3 
 .rodata        0x000000001c00576c       0xaf 1c102_Interrupt.o
 *fill*         0x000000001c00581b        0x1 
 .rodata.Ext_IrqHandle
                0x000000001c00581c       0x80 1c102_Interrupt.o
                0x000000001c00581c                Ext_IrqHandle
 .rodata.BAT_FAIL
                0x000000001c00589c       0x44 1c102_Interrupt.o
 .rodata.__FUNCTION__.1642
                0x000000001c0058e0       0x18 1c102_Interrupt.o
 .rodata.__FUNCTION__.1646
                0x000000001c0058f8       0x18 1c102_Interrupt.o
 .rodata.__FUNCTION__.1650
                0x000000001c005910       0x18 1c102_Interrupt.o
 .rodata.__FUNCTION__.1654
                0x000000001c005928       0x18 1c102_Interrupt.o
 .rodata.__FUNCTION__.1658
                0x000000001c005940       0x18 1c102_Interrupt.o
 .rodata.__FUNCTION__.1662
                0x000000001c005958       0x18 1c102_Interrupt.o
 .rodata.__FUNCTION__.1666
                0x000000001c005970       0x18 1c102_Interrupt.o
 .rodata.__FUNCTION__.1670
                0x000000001c005988       0x18 1c102_Interrupt.o
 .rodata.__FUNCTION__.1674
                0x000000001c0059a0       0x18 1c102_Interrupt.o
 .rodata.__FUNCTION__.1678
                0x000000001c0059b8       0x18 1c102_Interrupt.o
 .rodata.__FUNCTION__.1682
                0x000000001c0059d0       0x18 1c102_Interrupt.o
 .rodata.__FUNCTION__.1686
                0x000000001c0059e8       0x18 1c102_Interrupt.o
 .rodata.__FUNCTION__.1690
                0x000000001c005a00       0x18 1c102_Interrupt.o
 .rodata.__FUNCTION__.1694
                0x000000001c005a18       0x18 1c102_Interrupt.o
 .rodata.__FUNCTION__.1698
                0x000000001c005a30       0x18 1c102_Interrupt.o
 .rodata.__FUNCTION__.1702
                0x000000001c005a48       0x18 1c102_Interrupt.o
 .rodata.__FUNCTION__.1706
                0x000000001c005a60       0x18 1c102_Interrupt.o
 .rodata.__FUNCTION__.1710
                0x000000001c005a78       0x18 1c102_Interrupt.o
 .rodata.__FUNCTION__.1714
                0x000000001c005a90       0x18 1c102_Interrupt.o
 .rodata.__FUNCTION__.1718
                0x000000001c005aa8       0x18 1c102_Interrupt.o
 .rodata.__FUNCTION__.1722
                0x000000001c005ac0       0x18 1c102_Interrupt.o
 .rodata.__FUNCTION__.1726
                0x000000001c005ad8       0x18 1c102_Interrupt.o
 .rodata.__FUNCTION__.1730
                0x000000001c005af0       0x18 1c102_Interrupt.o
 .rodata.__FUNCTION__.1734
                0x000000001c005b08       0x18 1c102_Interrupt.o
 .rodata.__FUNCTION__.1738
                0x000000001c005b20       0x18 1c102_Interrupt.o
 .rodata.__FUNCTION__.1742
                0x000000001c005b38       0x18 1c102_Interrupt.o
 .rodata.__FUNCTION__.1746
                0x000000001c005b50       0x18 1c102_Interrupt.o
 .rodata.__FUNCTION__.1750
                0x000000001c005b68       0x18 1c102_Interrupt.o
 .rodata.__FUNCTION__.1754
                0x000000001c005b80       0x18 1c102_Interrupt.o
 .rodata.__FUNCTION__.1758
                0x000000001c005b98       0x18 1c102_Interrupt.o
 .rodata.__FUNCTION__.1762
                0x000000001c005bb0       0x18 1c102_Interrupt.o
 .rodata.__FUNCTION__.1766
                0x000000001c005bc8       0x18 1c102_Interrupt.o
 .rodata        0x000000001c005be0      0x153 esp8266.o
                0x000000001c005d34                . = ALIGN (0x4)
 *fill*         0x000000001c005d33        0x1 
                0x000000001c005d34                _sidata = ALIGN (., 0x4)
                0x000000001c005d34                . = ALIGN (0x4)

.rela.dyn       0x000000001c005d34        0x0
 .rela.got      0x000000001c005d34        0x0 start.o
 .rela.rodata.myprintf
                0x000000001c005d34        0x0 start.o
 .rela.rodata.myprintf2
                0x000000001c005d34        0x0 start.o
 .rela.rodata.Ext_IrqHandle
                0x000000001c005d34        0x0 start.o
 .rela.rodata.BAT_FAIL
                0x000000001c005d34        0x0 start.o

.data           0x0000000080001000       0x20 load address 0x000000001c005d34
                0x0000000080001000                _sdata = .
                0x0000000080001000                . = ALIGN (0x4)
 *(.got.plt)
 .got.plt       0x0000000080001000        0x0 start.o
                0x0000000080001000                . = ALIGN (0x4)
 *(.got)
 .got           0x0000000080001000       0x1c start.o
                0x0000000080001000                _GLOBAL_OFFSET_TABLE_
                0x000000008000101c                . = ALIGN (0x4)
 *(.data .data.*)
 .data.g_SystemFreq
                0x000000008000101c        0x4 ls1x_clock.o
                0x000000008000101c                g_SystemFreq
                0x0000000080001020                . = ALIGN (0x4)
                0x0000000080001020                _edata = .

.bss            0x0000000080000000      0x264
                0x0000000080000000                _sbss = .
                0x0000000080000000                . = ALIGN (0x4)
 *(.sbss)
                0x0000000080000000                . = ALIGN (0x4)
 *(.bss .bss.*)
 .bss.receive_Data.1817
                0x0000000080000000        0x1 1c102_Interrupt.o
                0x0000000080000004                . = ALIGN (0x4)
 *fill*         0x0000000080000001        0x3 
 *(.scommon)
                0x0000000080000004                . = ALIGN (0x4)
 *(COMMON)
 COMMON         0x0000000080000004      0x130 queue.o
                0x0000000080000004                Circular_queue
 COMMON         0x0000000080000134      0x130 esp8266.o
                0x0000000080000134                Read_length
                0x0000000080000138                Read_Buffer
                0x0000000080000264                . = ALIGN (0x4)
                0x0000000080000264                _ebss = .
LOAD start.o
LOAD serial.o
LOAD wakeup.o
LOAD UserGpio.o
LOAD init.o
LOAD ls1x_gpio.o
LOAD ls1x_spi.o
LOAD ls1x_printf.o
LOAD ls1x_uart.o
LOAD ls1x_clock.o
LOAD ls1x_common.o
LOAD ls1x_pmu.o
LOAD ls1x_logo.o
LOAD ls1x_latimer.o
LOAD ls1x_string.o
LOAD ls1x_flash.o
LOAD ls1x_rtc.o
LOAD ls1x_exti.o
LOAD ls1x_wdg.o
LOAD ls1c102_i2c.o
LOAD ls1c102_vpwm.o
LOAD ls1c102_adc.o
LOAD ls1c102_touch.o
LOAD ls1c102_ptimer.o
LOAD 1c102_cmdline.o
LOAD 1c102_cmd.o
LOAD 1c102_Interrupt.o
LOAD 1c102_main.o
LOAD queue.o
LOAD esp8266.o
OUTPUT(1c102_demo.elf elf32-loongarch)

.comment        0x0000000000000000       0x11
 .comment       0x0000000000000000       0x11 UserGpio.o
                                         0x12 (size before relaxing)
 .comment       0x0000000000000011       0x12 init.o
 .comment       0x0000000000000011       0x12 ls1x_gpio.o
 .comment       0x0000000000000011       0x12 ls1x_printf.o
 .comment       0x0000000000000011       0x12 ls1x_uart.o
 .comment       0x0000000000000011       0x12 ls1x_clock.o
 .comment       0x0000000000000011       0x12 ls1x_common.o
 .comment       0x0000000000000011       0x12 ls1x_pmu.o
 .comment       0x0000000000000011       0x12 ls1x_logo.o
 .comment       0x0000000000000011       0x12 ls1x_latimer.o
 .comment       0x0000000000000011       0x12 ls1x_string.o
 .comment       0x0000000000000011       0x12 ls1x_exti.o
 .comment       0x0000000000000011       0x12 ls1x_wdg.o
 .comment       0x0000000000000011       0x12 ls1c102_touch.o
 .comment       0x0000000000000011       0x12 ls1c102_ptimer.o
 .comment       0x0000000000000011       0x12 1c102_Interrupt.o
 .comment       0x0000000000000011       0x12 1c102_main.o
 .comment       0x0000000000000011       0x12 queue.o
 .comment       0x0000000000000011       0x12 esp8266.o
